[0.537s] Invoking command in '/home/sparku/ros2_ws/src/my_py_pkg': PYTHONPATH=/home/sparku/ros2_ws/build/my_py_pkg/prefix_override:/usr/lib/python3/dist-packages/colcon_core/task/python/colcon_distutils_commands:/home/sparku/ros2_ws/install/my_py_pkg/lib/python3.12/site-packages:${PYTHONPATH} /usr/bin/python3 -W ignore:setup.py install is deprecated -W ignore:easy_install command is deprecated setup.py egg_info --egg-base ../../build/my_py_pkg build --build-base /home/sparku/ros2_ws/build/my_py_pkg/build install --record /home/sparku/ros2_ws/build/my_py_pkg/install.log --single-version-externally-managed install_data
[0.660s] running egg_info
[0.660s] creating ../../build/my_py_pkg/my_py_pkg.egg-info
[0.668s] writing ../../build/my_py_pkg/my_py_pkg.egg-info/PKG-INFO
[0.669s] writing dependency_links to ../../build/my_py_pkg/my_py_pkg.egg-info/dependency_links.txt
[0.669s] writing requirements to ../../build/my_py_pkg/my_py_pkg.egg-info/requires.txt
[0.669s] writing top-level names to ../../build/my_py_pkg/my_py_pkg.egg-info/top_level.txt
[0.669s] writing manifest file '../../build/my_py_pkg/my_py_pkg.egg-info/SOURCES.txt'
[0.687s] reading manifest file '../../build/my_py_pkg/my_py_pkg.egg-info/SOURCES.txt'
[0.687s] writing manifest file '../../build/my_py_pkg/my_py_pkg.egg-info/SOURCES.txt'
[0.687s] running build
[0.687s] running build_py
[0.687s] creating /home/sparku/ros2_ws/build/my_py_pkg/build
[0.687s] creating /home/sparku/ros2_ws/build/my_py_pkg/build/lib
[0.687s] creating /home/sparku/ros2_ws/build/my_py_pkg/build/lib/my_py_pkg
[0.687s] copying my_py_pkg/__init__.py -> /home/sparku/ros2_ws/build/my_py_pkg/build/lib/my_py_pkg
[0.687s] running install
[0.690s] running install_lib
[0.699s] creating /home/sparku/ros2_ws/install/my_py_pkg/lib/python3.12/site-packages/my_py_pkg
[0.700s] copying /home/sparku/ros2_ws/build/my_py_pkg/build/lib/my_py_pkg/__init__.py -> /home/sparku/ros2_ws/install/my_py_pkg/lib/python3.12/site-packages/my_py_pkg
[0.700s] byte-compiling /home/sparku/ros2_ws/install/my_py_pkg/lib/python3.12/site-packages/my_py_pkg/__init__.py to __init__.cpython-312.pyc
[0.700s] running install_data
[0.700s] creating /home/sparku/ros2_ws/install/my_py_pkg/share/ament_index
[0.700s] creating /home/sparku/ros2_ws/install/my_py_pkg/share/ament_index/resource_index
[0.700s] creating /home/sparku/ros2_ws/install/my_py_pkg/share/ament_index/resource_index/packages
[0.700s] copying resource/my_py_pkg -> /home/sparku/ros2_ws/install/my_py_pkg/share/ament_index/resource_index/packages
[0.700s] copying package.xml -> /home/sparku/ros2_ws/install/my_py_pkg/share/my_py_pkg
[0.700s] running install_egg_info
[0.710s] Copying ../../build/my_py_pkg/my_py_pkg.egg-info to /home/sparku/ros2_ws/install/my_py_pkg/lib/python3.12/site-packages/my_py_pkg-0.0.0-py3.12.egg-info
[0.710s] running install_scripts
[0.771s] writing list of installed files to '/home/sparku/ros2_ws/build/my_py_pkg/install.log'
[0.783s] Invoked command in '/home/sparku/ros2_ws/src/my_py_pkg' returned '0': PYTHONPATH=/home/sparku/ros2_ws/build/my_py_pkg/prefix_override:/usr/lib/python3/dist-packages/colcon_core/task/python/colcon_distutils_commands:/home/sparku/ros2_ws/install/my_py_pkg/lib/python3.12/site-packages:${PYTHONPATH} /usr/bin/python3 -W ignore:setup.py install is deprecated -W ignore:easy_install command is deprecated setup.py egg_info --egg-base ../../build/my_py_pkg build --build-base /home/sparku/ros2_ws/build/my_py_pkg/build install --record /home/sparku/ros2_ws/build/my_py_pkg/install.log --single-version-externally-managed install_data
