[0.599s] Invoking command in '/home/sparku/ros2_ws/src/my_py_pkg': PYTHONPATH=/home/sparku/ros2_ws/build/my_py_pkg/prefix_override:/usr/lib/python3/dist-packages/colcon_core/task/python/colcon_distutils_commands:/home/sparku/ros2_ws/install/my_py_pkg/lib/python3.12/site-packages:${PYTHONPATH} /usr/bin/python3 -W ignore:setup.py install is deprecated -W ignore:easy_install command is deprecated setup.py egg_info --egg-base ../../build/my_py_pkg build --build-base /home/sparku/ros2_ws/build/my_py_pkg/build install --record /home/sparku/ros2_ws/build/my_py_pkg/install.log --single-version-externally-managed install_data
[0.723s] running egg_info
[0.734s] writing ../../build/my_py_pkg/my_py_pkg.egg-info/PKG-INFO
[0.734s] writing dependency_links to ../../build/my_py_pkg/my_py_pkg.egg-info/dependency_links.txt
[0.734s] writing entry points to ../../build/my_py_pkg/my_py_pkg.egg-info/entry_points.txt
[0.735s] writing requirements to ../../build/my_py_pkg/my_py_pkg.egg-info/requires.txt
[0.735s] writing top-level names to ../../build/my_py_pkg/my_py_pkg.egg-info/top_level.txt
[0.753s] reading manifest file '../../build/my_py_pkg/my_py_pkg.egg-info/SOURCES.txt'
[0.753s] writing manifest file '../../build/my_py_pkg/my_py_pkg.egg-info/SOURCES.txt'
[0.753s] running build
[0.753s] running build_py
[0.753s] copying my_py_pkg/my_first_node.py -> /home/sparku/ros2_ws/build/my_py_pkg/build/lib/my_py_pkg
[0.754s] running install
[0.757s] running install_lib
[0.766s] copying /home/sparku/ros2_ws/build/my_py_pkg/build/lib/my_py_pkg/my_first_node.py -> /home/sparku/ros2_ws/install/my_py_pkg/lib/python3.12/site-packages/my_py_pkg
[0.767s] byte-compiling /home/sparku/ros2_ws/install/my_py_pkg/lib/python3.12/site-packages/my_py_pkg/my_first_node.py to my_first_node.cpython-312.pyc
[0.767s] running install_data
[0.767s] running install_egg_info
[0.777s] removing '/home/sparku/ros2_ws/install/my_py_pkg/lib/python3.12/site-packages/my_py_pkg-0.0.0-py3.12.egg-info' (and everything under it)
[0.777s] Copying ../../build/my_py_pkg/my_py_pkg.egg-info to /home/sparku/ros2_ws/install/my_py_pkg/lib/python3.12/site-packages/my_py_pkg-0.0.0-py3.12.egg-info
[0.778s] running install_scripts
[0.838s] Installing py_node script to /home/sparku/ros2_ws/install/my_py_pkg/lib/my_py_pkg
[0.839s] writing list of installed files to '/home/sparku/ros2_ws/build/my_py_pkg/install.log'
[0.851s] Invoked command in '/home/sparku/ros2_ws/src/my_py_pkg' returned '0': PYTHONPATH=/home/sparku/ros2_ws/build/my_py_pkg/prefix_override:/usr/lib/python3/dist-packages/colcon_core/task/python/colcon_distutils_commands:/home/sparku/ros2_ws/install/my_py_pkg/lib/python3.12/site-packages:${PYTHONPATH} /usr/bin/python3 -W ignore:setup.py install is deprecated -W ignore:easy_install command is deprecated setup.py egg_info --egg-base ../../build/my_py_pkg build --build-base /home/sparku/ros2_ws/build/my_py_pkg/build install --record /home/sparku/ros2_ws/build/my_py_pkg/install.log --single-version-externally-managed install_data
